Archive member included to satisfy reference by file (symbol)

d:/program files (x86)/atmel studio/7.0/toolchain/arm/arm-gnu-toolchain/bin/../lib/gcc/arm-none-eabi/6.3.1/thumb/v6-m\libgcc.a(_udivsi3.o)
                              src/ASF/sam0/drivers/system/clock/clock_samd21_r21_da_ha1/clock.o (__aeabi_uidiv)
d:/program files (x86)/atmel studio/7.0/toolchain/arm/arm-gnu-toolchain/bin/../lib/gcc/arm-none-eabi/6.3.1/thumb/v6-m\libgcc.a(_divsi3.o)
                              src/ASF/sam0/drivers/usb/stack_interface/usb_device_udd.o (__aeabi_idivmod)
d:/program files (x86)/atmel studio/7.0/toolchain/arm/arm-gnu-toolchain/bin/../lib/gcc/arm-none-eabi/6.3.1/thumb/v6-m\libgcc.a(_dvmd_tls.o)
                              d:/program files (x86)/atmel studio/7.0/toolchain/arm/arm-gnu-toolchain/bin/../lib/gcc/arm-none-eabi/6.3.1/thumb/v6-m\libgcc.a(_udivsi3.o) (__aeabi_idiv0)
d:/program files (x86)/atmel studio/7.0/toolchain/arm/arm-gnu-toolchain/bin/../lib/gcc/arm-none-eabi/6.3.1/thumb/v6-m\libgcc.a(_clzsi2.o)
                              src/ASF/sam0/drivers/usb/usb_sam_d_r/usb.o (__clzsi2)
d:/program files (x86)/atmel studio/7.0/toolchain/arm/arm-gnu-toolchain/bin/../lib/gcc/arm-none-eabi/6.3.1/thumb/v6-m\libgcc.a(_ctzsi2.o)
                              src/ASF/sam0/drivers/usb/usb_sam_d_r/usb.o (__ctzsi2)
d:/program files (x86)/atmel studio/7.0/toolchain/arm/arm-gnu-toolchain/bin/../lib/gcc/arm-none-eabi/6.3.1/../../../../arm-none-eabi/lib/thumb/v6-m\libc.a(lib_a-exit.o)
                              d:/program files (x86)/atmel studio/7.0/toolchain/arm/arm-gnu-toolchain/bin/../lib/gcc/arm-none-eabi/6.3.1/../../../../arm-none-eabi/lib/thumb/v6-m/crt0.o (exit)
d:/program files (x86)/atmel studio/7.0/toolchain/arm/arm-gnu-toolchain/bin/../lib/gcc/arm-none-eabi/6.3.1/../../../../arm-none-eabi/lib/thumb/v6-m\libc.a(lib_a-impure.o)
                              d:/program files (x86)/atmel studio/7.0/toolchain/arm/arm-gnu-toolchain/bin/../lib/gcc/arm-none-eabi/6.3.1/../../../../arm-none-eabi/lib/thumb/v6-m\libc.a(lib_a-exit.o) (_global_impure_ptr)
d:/program files (x86)/atmel studio/7.0/toolchain/arm/arm-gnu-toolchain/bin/../lib/gcc/arm-none-eabi/6.3.1/../../../../arm-none-eabi/lib/thumb/v6-m\libc.a(lib_a-init.o)
                              d:/program files (x86)/atmel studio/7.0/toolchain/arm/arm-gnu-toolchain/bin/../lib/gcc/arm-none-eabi/6.3.1/../../../../arm-none-eabi/lib/thumb/v6-m/crt0.o (__libc_init_array)
d:/program files (x86)/atmel studio/7.0/toolchain/arm/arm-gnu-toolchain/bin/../lib/gcc/arm-none-eabi/6.3.1/../../../../arm-none-eabi/lib/thumb/v6-m\libc.a(lib_a-malloc.o)
                              src/ASF/common/services/usb/class/cdc/host/uhi_cdc.o (malloc)
d:/program files (x86)/atmel studio/7.0/toolchain/arm/arm-gnu-toolchain/bin/../lib/gcc/arm-none-eabi/6.3.1/../../../../arm-none-eabi/lib/thumb/v6-m\libc.a(lib_a-mallocr.o)
                              d:/program files (x86)/atmel studio/7.0/toolchain/arm/arm-gnu-toolchain/bin/../lib/gcc/arm-none-eabi/6.3.1/../../../../arm-none-eabi/lib/thumb/v6-m\libc.a(lib_a-malloc.o) (_malloc_r)
d:/program files (x86)/atmel studio/7.0/toolchain/arm/arm-gnu-toolchain/bin/../lib/gcc/arm-none-eabi/6.3.1/../../../../arm-none-eabi/lib/thumb/v6-m\libc.a(lib_a-memcpy-stub.o)
                              src/ASF/common/services/usb/class/cdc/device/udi_cdc.o (memcpy)
d:/program files (x86)/atmel studio/7.0/toolchain/arm/arm-gnu-toolchain/bin/../lib/gcc/arm-none-eabi/6.3.1/../../../../arm-none-eabi/lib/thumb/v6-m\libc.a(lib_a-memset.o)
                              d:/program files (x86)/atmel studio/7.0/toolchain/arm/arm-gnu-toolchain/bin/../lib/gcc/arm-none-eabi/6.3.1/../../../../arm-none-eabi/lib/thumb/v6-m/crt0.o (memset)
d:/program files (x86)/atmel studio/7.0/toolchain/arm/arm-gnu-toolchain/bin/../lib/gcc/arm-none-eabi/6.3.1/../../../../arm-none-eabi/lib/thumb/v6-m\libc.a(lib_a-mlock.o)
                              d:/program files (x86)/atmel studio/7.0/toolchain/arm/arm-gnu-toolchain/bin/../lib/gcc/arm-none-eabi/6.3.1/../../../../arm-none-eabi/lib/thumb/v6-m\libc.a(lib_a-mallocr.o) (__malloc_lock)
d:/program files (x86)/atmel studio/7.0/toolchain/arm/arm-gnu-toolchain/bin/../lib/gcc/arm-none-eabi/6.3.1/../../../../arm-none-eabi/lib/thumb/v6-m\libc.a(lib_a-sbrkr.o)
                              d:/program files (x86)/atmel studio/7.0/toolchain/arm/arm-gnu-toolchain/bin/../lib/gcc/arm-none-eabi/6.3.1/../../../../arm-none-eabi/lib/thumb/v6-m\libc.a(lib_a-mallocr.o) (_sbrk_r)
d:/program files (x86)/atmel studio/7.0/toolchain/arm/arm-gnu-toolchain/bin/../lib/gcc/arm-none-eabi/6.3.1/../../../../arm-none-eabi/lib/thumb/v6-m\libc.a(lib_a-__call_atexit.o)
                              d:/program files (x86)/atmel studio/7.0/toolchain/arm/arm-gnu-toolchain/bin/../lib/gcc/arm-none-eabi/6.3.1/../../../../arm-none-eabi/lib/thumb/v6-m\libc.a(lib_a-exit.o) (__call_exitprocs)
[...]
Memory Configuration

Name             Origin             Length             Attributes
rom              0x00000000         0x00020000         xr
ram              0x20000000         0x00004000         xrw
*default*        0x00000000         0xffffffff

Linker script and memory map

LOAD d:/program files (x86)/atmel studio/7.0/toolchain/arm/arm-gnu-toolchain/bin/../lib/gcc/arm-none-eabi/6.3.1/thumb/v6-m/crti.o
LOAD d:/program files (x86)/atmel studio/7.0/toolchain/arm/arm-gnu-toolchain/bin/../lib/gcc/arm-none-eabi/6.3.1/thumb/v6-m/crtbegin.o
LOAD d:/program files (x86)/atmel studio/7.0/toolchain/arm/arm-gnu-toolchain/bin/../lib/gcc/arm-none-eabi/6.3.1/../../../../arm-none-eabi/lib/thumb/v6-m/crt0.o
LOAD main.o
LOAD MCP2517.o
LOAD src/ASF/common2/boards/user_board/init.o
LOAD src/ASF/common/services/sleepmgr/samd/sleepmgr.o
LOAD src/ASF/common/services/usb/class/cdc/device/udi_cdc.o
LOAD src/ASF/common/services/usb/class/cdc/device/udi_cdc_desc.o
LOAD src/ASF/common/services/usb/class/cdc/host/uhi_cdc.o
LOAD src/ASF/common/services/usb/udc/udc.o
LOAD src/ASF/common/services/usb/uhc/uhc.o
LOAD src/ASF/common/utils/interrupt/interrupt_sam_nvic.o
LOAD src/ASF/sam0/drivers/extint/extint_callback.o
LOAD src/ASF/sam0/drivers/extint/extint_sam_d_r_h/extint.o
LOAD src/ASF/sam0/drivers/port/port.o
LOAD src/ASF/sam0/drivers/system/clock/clock_samd21_r21_da_ha1/clock.o
LOAD src/ASF/sam0/drivers/system/clock/clock_samd21_r21_da_ha1/gclk.o
LOAD src/ASF/sam0/drivers/system/interrupt/system_interrupt.o
LOAD src/ASF/sam0/drivers/system/pinmux/pinmux.o
LOAD src/ASF/sam0/drivers/system/system.o
LOAD src/ASF/sam0/drivers/usb/stack_interface/usb_device_udd.o
LOAD src/ASF/sam0/drivers/usb/stack_interface/usb_dual.o
LOAD src/ASF/sam0/drivers/usb/stack_interface/usb_host_uhd.o
LOAD src/ASF/sam0/drivers/usb/usb_sam_d_r/usb.o
LOAD src/ASF/sam0/utils/cmsis/samd21/source/gcc/startup_samd21.o
LOAD src/ASF/sam0/utils/cmsis/samd21/source/system_samd21.o
LOAD src/ASF/sam0/utils/syscalls/gcc/syscalls.o
START GROUP
LOAD ..\src\ASF\thirdparty\CMSIS\Lib\GCC\libarm_cortexM0l_math.a
END GROUP
LOAD d:/program files (x86)/atmel studio/7.0/toolchain/arm/arm-gnu-toolchain/bin/../lib/gcc/arm-none-eabi/6.3.1/../../../../arm-none-eabi/lib/thumb/v6-m\libstdc++.a
LOAD d:/program files (x86)/atmel studio/7.0/toolchain/arm/arm-gnu-toolchain/bin/../lib/gcc/arm-none-eabi/6.3.1/../../../../arm-none-eabi/lib/thumb/v6-m\libm.a
START GROUP
LOAD d:/program files (x86)/atmel studio/7.0/toolchain/arm/arm-gnu-toolchain/bin/../lib/gcc/arm-none-eabi/6.3.1/thumb/v6-m\libgcc.a
LOAD d:/program files (x86)/atmel studio/7.0/toolchain/arm/arm-gnu-toolchain/bin/../lib/gcc/arm-none-eabi/6.3.1/../../../../arm-none-eabi/lib/thumb/v6-m\libc.a
END GROUP
LOAD d:/program files (x86)/atmel studio/7.0/toolchain/arm/arm-gnu-toolchain/bin/../lib/gcc/arm-none-eabi/6.3.1/thumb/v6-m/crtend.o
LOAD d:/program files (x86)/atmel studio/7.0/toolchain/arm/arm-gnu-toolchain/bin/../lib/gcc/arm-none-eabi/6.3.1/thumb/v6-m/crtn.o
                0x00001000                STACK_SIZE = DEFINED (STACK_SIZE)?STACK_SIZE:DEFINED (__stack_size__)?__stack_size__:0x1000

.text           0x00000000     0x1cc0
                0x00000000                . = ALIGN (0x4)
                0x00000000                _sfixed = .
 *(.vectors .vectors.*)
 .vectors       0x00000000       0xb8 src/ASF/sam0/utils/cmsis/samd21/source/gcc/startup_samd21.o
                0x00000000                exception_table
 *(.text .text.* .gnu.linkonce.t.*)
 .text          0x000000b8       0x60 d:/program files (x86)/atmel studio/7.0/toolchain/arm/arm-gnu-toolchain/bin/../lib/gcc/arm-none-eabi/6.3.1/thumb/v6-m/crtbegin.o
 .text._ZL27pin_set_peripheral_functionm
                0x00000118       0x4c main.o
 .text.SERCOM5_Handler
                0x00000164       0xac main.o
                0x00000164                SERCOM5_Handler
 .text.main     0x00000210        0xc main.o
                0x00000210                main
 .text._GLOBAL__sub_I__ZN5SPI_C11Read_BufferEPc
                0x0000021c       0xc0 main.o
 .text.system_board_init
                0x000002dc        0x2 src/ASF/common2/boards/user_board/init.o
                0x000002dc                board_init
                0x000002dc                system_board_init
 *fill*         0x000002de        0x2 
 .text.cpu_irq_enter_critical
                0x000002e0       0x40 src/ASF/common/utils/interrupt/interrupt_sam_nvic.o
                0x000002e0                cpu_irq_enter_critical
 .text.cpu_irq_leave_critical
                0x00000320       0x30 src/ASF/common/utils/interrupt/interrupt_sam_nvic.o
                0x00000320                cpu_irq_leave_critical
 .text.EIC_Handler
                0x00000350       0x54 src/ASF/sam0/drivers/extint/extint_callback.o
                0x00000350                EIC_Handler
 .text._extint_enable
                0x000003a4       0x18 src/ASF/sam0/drivers/extint/extint_sam_d_r_h/extint.o
 .text._system_extint_init
                0x000003bc       0x6c src/ASF/sam0/drivers/extint/extint_sam_d_r_h/extint.o
                0x000003bc                _system_extint_init
 .text.port_pin_set_config
                0x00000428       0x24 src/ASF/sam0/drivers/port/port.o
                0x00000428                port_pin_set_config
 .text.system_clock_source_osc8m_set_config
                0x0000044c       0x3c src/ASF/sam0/drivers/system/clock/clock_samd21_r21_da_ha1/clock.o
                0x0000044c                system_clock_source_osc8m_set_config
 .text.system_clock_source_osc32k_set_config
                0x00000488       0x7c src/ASF/sam0/drivers/system/clock/clock_samd21_r21_da_ha1/clock.o
                0x00000488                system_clock_source_osc32k_set_config
 .text.system_clock_source_dfll_set_config
                0x00000504       0x80 src/ASF/sam0/drivers/system/clock/clock_samd21_r21_da_ha1/clock.o
                0x00000504                system_clock_source_dfll_set_config
 .text.system_clock_source_enable
                0x00000584       0xa8 src/ASF/sam0/drivers/system/clock/clock_samd21_r21_da_ha1/clock.o
                0x00000584                system_clock_source_enable
 .text.system_clock_init
                0x0000062c      0x17c src/ASF/sam0/drivers/system/clock/clock_samd21_r21_da_ha1/clock.o
                0x0000062c                system_clock_init
 .text.system_gclk_init
                0x000007a8       0x24 src/ASF/sam0/drivers/system/clock/clock_samd21_r21_da_ha1/gclk.o
                0x000007a8                system_gclk_init
 .text.system_gclk_gen_set_config
                0x000007cc       0xb8 src/ASF/sam0/drivers/system/clock/clock_samd21_r21_da_ha1/gclk.o
                0x000007cc                system_gclk_gen_set_config
 .text.system_gclk_gen_enable
                0x00000884       0x44 src/ASF/sam0/drivers/system/clock/clock_samd21_r21_da_ha1/gclk.o
                0x00000884                system_gclk_gen_enable
 .text.system_gclk_chan_enable
                0x000008c8       0x30 src/ASF/sam0/drivers/system/clock/clock_samd21_r21_da_ha1/gclk.o
                0x000008c8                system_gclk_chan_enable
 .text.system_gclk_chan_disable
                0x000008f8       0x5c src/ASF/sam0/drivers/system/clock/clock_samd21_r21_da_ha1/gclk.o
                0x000008f8                system_gclk_chan_disable
 .text.system_gclk_chan_set_config
                0x00000954       0x1c src/ASF/sam0/drivers/system/clock/clock_samd21_r21_da_ha1/gclk.o
                0x00000954                system_gclk_chan_set_config
 .text._system_pinmux_config
                0x00000970       0xa8 src/ASF/sam0/drivers/system/pinmux/pinmux.o
 .text.system_pinmux_pin_set_config
                0x00000a18       0x30 src/ASF/sam0/drivers/system/pinmux/pinmux.o
                0x00000a18                system_pinmux_pin_set_config
 .text._system_dummy_init
                0x00000a48        0x2 src/ASF/sam0/drivers/system/system.o
                0x00000a48                _system_events_init
                0x00000a48                _system_dummy_init
                0x00000a48                _system_divas_init
 *fill*         0x00000a4a        0x2 
 .text.system_init
                0x00000a4c       0x2c src/ASF/sam0/drivers/system/system.o
                0x00000a4c                system_init
 .text.USB_Handler
                0x00000a78      0x6e0 src/ASF/sam0/drivers/usb/usb_sam_d_r/usb.o
                0x00000a78                USB_Handler
 .text.Dummy_Handler
                0x00001158        0x2 src/ASF/sam0/utils/cmsis/samd21/source/gcc/startup_samd21.o
                0x00001158                DMAC_Handler
                0x00001158                HardFault_Handler
                0x00001158                AC_Handler
                0x00001158                SysTick_Handler
                0x00001158                PendSV_Handler
                0x00001158                NMI_Handler
                0x00001158                SERCOM1_Handler
                0x00001158                ADC_Handler
                0x00001158                TCC1_Handler
                0x00001158                SERCOM2_Handler
                0x00001158                TCC0_Handler
                0x00001158                RTC_Handler
                0x00001158                WDT_Handler
                0x00001158                TC4_Handler
                0x00001158                TC3_Handler
                0x00001158                Dummy_Handler
                0x00001158                PM_Handler
                0x00001158                TCC3_Handler
                0x00001158                SVC_Handler
                0x00001158                TCC2_Handler
                0x00001158                EVSYS_Handler
                0x00001158                SERCOM3_Handler
                0x00001158                SERCOM4_Handler
                0x00001158                I2S_Handler
                0x00001158                NVMCTRL_Handler
                0x00001158                SERCOM0_Handler
                0x00001158                DAC_Handler
                0x00001158                PTC_Handler
                0x00001158                TC5_Handler
                0x00001158                SYSCTRL_Handler
 *fill*         0x0000115a        0x2 
 .text.Reset_Handler
                0x0000115c       0xe4 src/ASF/sam0/utils/cmsis/samd21/source/gcc/startup_samd21.o
                0x0000115c                Reset_Handler
 .text._sbrk    0x00001240       0x24 src/ASF/sam0/utils/syscalls/gcc/syscalls.o
                0x00001240                _sbrk
 .text          0x00001264       0x40 d:/program files (x86)/atmel studio/7.0/toolchain/arm/arm-gnu-toolchain/bin/../lib/gcc/arm-none-eabi/6.3.1/thumb/v6-m\libgcc.a(_ctzsi2.o)
                0x00001264                __ctzsi2
 .text.__libc_init_array
                0x000012a4       0x48 d:/program files (x86)/atmel studio/7.0/toolchain/arm/arm-gnu-toolchain/bin/../lib/gcc/arm-none-eabi/6.3.1/../../../../arm-none-eabi/lib/thumb/v6-m\libc.a(lib_a-init.o)
                0x000012a4                __libc_init_array
 .text.malloc   0x000012ec       0x14 d:/program files (x86)/atmel studio/7.0/toolchain/arm/arm-gnu-toolchain/bin/../lib/gcc/arm-none-eabi/6.3.1/../../../../arm-none-eabi/lib/thumb/v6-m\libc.a(lib_a-malloc.o)
                0x000012ec                malloc
 .text._malloc_r
                0x00001300      0x568 d:/program files (x86)/atmel studio/7.0/toolchain/arm/arm-gnu-toolchain/bin/../lib/gcc/arm-none-eabi/6.3.1/../../../../arm-none-eabi/lib/thumb/v6-m\libc.a(lib_a-mallocr.o)
                0x00001300                _malloc_r
 .text.__malloc_lock
                0x00001868       0x10 d:/program files (x86)/atmel studio/7.0/toolchain/arm/arm-gnu-toolchain/bin/../lib/gcc/arm-none-eabi/6.3.1/../../../../arm-none-eabi/lib/thumb/v6-m\libc.a(lib_a-mlock.o)
                0x00001868                __malloc_lock
 .text.__malloc_unlock
                0x00001878       0x10 d:/program files (x86)/atmel studio/7.0/toolchain/arm/arm-gnu-toolchain/bin/../lib/gcc/arm-none-eabi/6.3.1/../../../../arm-none-eabi/lib/thumb/v6-m\libc.a(lib_a-mlock.o)
                0x00001878                __malloc_unlock
 .text._sbrk_r  0x00001888       0x24 d:/program files (x86)/atmel studio/7.0/toolchain/arm/arm-gnu-toolchain/bin/../lib/gcc/arm-none-eabi/6.3.1/../../../../arm-none-eabi/lib/thumb/v6-m\libc.a(lib_a-sbrkr.o)
                0x00001888                _sbrk_r
 .text.startup.register_fini
                0x000018ac       0x18 d:/program files (x86)/atmel studio/7.0/toolchain/arm/arm-gnu-toolchain/bin/../lib/gcc/arm-none-eabi/6.3.1/../../../../arm-none-eabi/lib/thumb/v6-m\libc.a(lib_a-__call_atexit.o)
 .text.atexit   0x000018c4       0x10 d:/program files (x86)/atmel studio/7.0/toolchain/arm/arm-gnu-toolchain/bin/../lib/gcc/arm-none-eabi/6.3.1/../../../../arm-none-eabi/lib/thumb/v6-m\libc.a(lib_a-atexit.o)
                0x000018c4                atexit
 .text.__libc_fini_array
                0x000018d4       0x34 d:/program files (x86)/atmel studio/7.0/toolchain/arm/arm-gnu-toolchain/bin/../lib/gcc/arm-none-eabi/6.3.1/../../../../arm-none-eabi/lib/thumb/v6-m\libc.a(lib_a-fini.o)
                0x000018d4                __libc_fini_array
 .text._malloc_trim_r
                0x00001908       0xa0 d:/program files (x86)/atmel studio/7.0/toolchain/arm/arm-gnu-toolchain/bin/../lib/gcc/arm-none-eabi/6.3.1/../../../../arm-none-eabi/lib/thumb/v6-m\libc.a(lib_a-freer.o)
                0x00001908                _malloc_trim_r
 .text._free_r  0x000019a8      0x1bc d:/program files (x86)/atmel studio/7.0/toolchain/arm/arm-gnu-toolchain/bin/../lib/gcc/arm-none-eabi/6.3.1/../../../../arm-none-eabi/lib/thumb/v6-m\libc.a(lib_a-freer.o)
                0x000019a8                _free_r
 .text.__retarget_lock_acquire_recursive
                0x00001b64        0x4 d:/program files (x86)/atmel studio/7.0/toolchain/arm/arm-gnu-toolchain/bin/../lib/gcc/arm-none-eabi/6.3.1/../../../../arm-none-eabi/lib/thumb/v6-m\libc.a(lib_a-lock.o)
                0x00001b64                __retarget_lock_acquire_recursive
 .text.__retarget_lock_release_recursive
                0x00001b68        0x4 d:/program files (x86)/atmel studio/7.0/toolchain/arm/arm-gnu-toolchain/bin/../lib/gcc/arm-none-eabi/6.3.1/../../../../arm-none-eabi/lib/thumb/v6-m\libc.a(lib_a-lock.o)
                0x00001b68                __retarget_lock_release_recursive
 .text.__register_exitproc
                0x00001b6c       0xf4 d:/program files (x86)/atmel studio/7.0/toolchain/arm/arm-gnu-toolchain/bin/../lib/gcc/arm-none-eabi/6.3.1/../../../../arm-none-eabi/lib/thumb/v6-m\libc.a(lib_a-__atexit.o)
                0x00001b6c                __register_exitproc
 *(.glue_7t)
 .glue_7t       0x00001c60        0x0 linker stubs
 *(.glue_7)
 .glue_7        0x00001c60        0x0 linker stubs
 *(.rodata .rodata* .gnu.linkonce.r.*)
 .rodata.system_clock_source_enable
                0x00001c60       0x24 src/ASF/sam0/drivers/system/clock/clock_samd21_r21_da_ha1/clock.o
 .rodata._usb_device_irq_bits
                0x00001c84        0xe src/ASF/sam0/drivers/usb/usb_sam_d_r/usb.o
 *fill*         0x00001c92        0x2 
 .rodata._global_impure_ptr
                0x00001c94        0x4 d:/program files (x86)/atmel studio/7.0/toolchain/arm/arm-gnu-toolchain/bin/../lib/gcc/arm-none-eabi/6.3.1/../../../../arm-none-eabi/lib/thumb/v6-m\libc.a(lib_a-impure.o)
                0x00001c94                _global_impure_ptr
 *(.ARM.extab* .gnu.linkonce.armextab.*)
                0x00001c98                . = ALIGN (0x4)
 *(.init)
 .init          0x00001c98        0x4 d:/program files (x86)/atmel studio/7.0/toolchain/arm/arm-gnu-toolchain/bin/../lib/gcc/arm-none-eabi/6.3.1/thumb/v6-m/crti.o
                0x00001c98                _init
 .init          0x00001c9c        0x8 d:/program files (x86)/atmel studio/7.0/toolchain/arm/arm-gnu-toolchain/bin/../lib/gcc/arm-none-eabi/6.3.1/thumb/v6-m/crtn.o
                0x00001ca4                . = ALIGN (0x4)
                0x00001ca4                __preinit_array_start = .
 *(.preinit_array)
                0x00001ca4                __preinit_array_end = .
                0x00001ca4                . = ALIGN (0x4)
                0x00001ca4                __init_array_start = .
 *(SORT(.init_array.*))
 .init_array.00000
                0x00001ca4        0x4 d:/program files (x86)/atmel studio/7.0/toolchain/arm/arm-gnu-toolchain/bin/../lib/gcc/arm-none-eabi/6.3.1/../../../../arm-none-eabi/lib/thumb/v6-m\libc.a(lib_a-__call_atexit.o)
 *(.init_array)
 .init_array    0x00001ca8        0x4 d:/program files (x86)/atmel studio/7.0/toolchain/arm/arm-gnu-toolchain/bin/../lib/gcc/arm-none-eabi/6.3.1/thumb/v6-m/crtbegin.o
 .init_array    0x00001cac        0x4 main.o
                0x00001cb0                __init_array_end = .
                0x00001cb0                . = ALIGN (0x4)
 *crtbegin.o(.ctors)
 *(EXCLUDE_FILE(*crtend.o) .ctors)
 *(SORT(.ctors.*))
 *crtend.o(.ctors)
                0x00001cb0                . = ALIGN (0x4)
 *(.fini)
 .fini          0x00001cb0        0x4 d:/program files (x86)/atmel studio/7.0/toolchain/arm/arm-gnu-toolchain/bin/../lib/gcc/arm-none-eabi/6.3.1/thumb/v6-m/crti.o
                0x00001cb0                _fini
 .fini          0x00001cb4        0x8 d:/program files (x86)/atmel studio/7.0/toolchain/arm/arm-gnu-toolchain/bin/../lib/gcc/arm-none-eabi/6.3.1/thumb/v6-m/crtn.o
                0x00001cbc                . = ALIGN (0x4)
                0x00001cbc                __fini_array_start = .
 *(.fini_array)
 .fini_array    0x00001cbc        0x4 d:/program files (x86)/atmel studio/7.0/toolchain/arm/arm-gnu-toolchain/bin/../lib/gcc/arm-none-eabi/6.3.1/thumb/v6-m/crtbegin.o
 *(SORT(.fini_array.*))
                0x00001cc0                __fini_array_end = .
 *crtbegin.o(.dtors)
 *(EXCLUDE_FILE(*crtend.o) .dtors)
 *(SORT(.dtors.*))
 *crtend.o(.dtors)
                0x00001cc0                . = ALIGN (0x4)
                0x00001cc0                _efixed = .
                [!provide]                PROVIDE (__exidx_start, .)

.vfp11_veneer   0x00001cc0        0x0
 .vfp11_veneer  0x00001cc0        0x0 linker stubs

.v4_bx          0x00001cc0        0x0
 .v4_bx         0x00001cc0        0x0 linker stubs

.iplt           0x00001cc0        0x0
 .iplt          0x00001cc0        0x0 d:/program files (x86)/atmel studio/7.0/toolchain/arm/arm-gnu-toolchain/bin/../lib/gcc/arm-none-eabi/6.3.1/thumb/v6-m/crtbegin.o

.eh_frame       0x00001cc0        0x0
 .eh_frame      0x00001cc0        0x0 d:/program files (x86)/atmel studio/7.0/toolchain/arm/arm-gnu-toolchain/bin/../lib/gcc/arm-none-eabi/6.3.1/thumb/v6-m/crtbegin.o

.rel.dyn        0x00001cc0        0x0
 .rel.iplt      0x00001cc0        0x0 d:/program files (x86)/atmel studio/7.0/toolchain/arm/arm-gnu-toolchain/bin/../lib/gcc/arm-none-eabi/6.3.1/thumb/v6-m/crtbegin.o

.jcr            0x00001cc0        0x0
 .jcr           0x00001cc0        0x0 d:/program files (x86)/atmel studio/7.0/toolchain/arm/arm-gnu-toolchain/bin/../lib/gcc/arm-none-eabi/6.3.1/thumb/v6-m/crtbegin.o

.igot.plt       0x00001cc0        0x0
 .igot.plt      0x00001cc0        0x0 d:/program files (x86)/atmel studio/7.0/toolchain/arm/arm-gnu-toolchain/bin/../lib/gcc/arm-none-eabi/6.3.1/thumb/v6-m/crtbegin.o

.ARM.exidx
 *(.ARM.exidx* .gnu.linkonce.armexidx.*)
                [!provide]                PROVIDE (__exidx_end, .)
                0x00001cc0                . = ALIGN (0x4)
                0x00001cc0                _etext = .

.relocate       0x20000000      0x844 load address 0x00001cc0
                0x20000000                . = ALIGN (0x4)
                0x20000000                _srelocate = .
 *(.ramfunc .ramfunc.*)
 *(.data .data.*)
 .data.g_interrupt_enabled
                0x20000000        0x1 src/ASF/common/utils/interrupt/interrupt_sam_nvic.o
                0x20000000                g_interrupt_enabled
 *fill*         0x20000001        0x3 
 .data._impure_ptr
                0x20000004        0x4 d:/program files (x86)/atmel studio/7.0/toolchain/arm/arm-gnu-toolchain/bin/../lib/gcc/arm-none-eabi/6.3.1/../../../../arm-none-eabi/lib/thumb/v6-m\libc.a(lib_a-impure.o)
                0x20000004                _impure_ptr
 .data.impure_data
                0x20000008      0x428 d:/program files (x86)/atmel studio/7.0/toolchain/arm/arm-gnu-toolchain/bin/../lib/gcc/arm-none-eabi/6.3.1/../../../../arm-none-eabi/lib/thumb/v6-m\libc.a(lib_a-impure.o)
 .data.__malloc_av_
                0x20000430      0x408 d:/program files (x86)/atmel studio/7.0/toolchain/arm/arm-gnu-toolchain/bin/../lib/gcc/arm-none-eabi/6.3.1/../../../../arm-none-eabi/lib/thumb/v6-m\libc.a(lib_a-mallocr.o)
                0x20000430                __malloc_av_
 .data.__malloc_sbrk_base
                0x20000838        0x4 d:/program files (x86)/atmel studio/7.0/toolchain/arm/arm-gnu-toolchain/bin/../lib/gcc/arm-none-eabi/6.3.1/../../../../arm-none-eabi/lib/thumb/v6-m\libc.a(lib_a-mallocr.o)
                0x20000838                __malloc_sbrk_base
 .data.__malloc_trim_threshold
                0x2000083c        0x4 d:/program files (x86)/atmel studio/7.0/toolchain/arm/arm-gnu-toolchain/bin/../lib/gcc/arm-none-eabi/6.3.1/../../../../arm-none-eabi/lib/thumb/v6-m\libc.a(lib_a-mallocr.o)
                0x2000083c                __malloc_trim_threshold
 .data.__atexit_recursive_mutex
                0x20000840        0x4 d:/program files (x86)/atmel studio/7.0/toolchain/arm/arm-gnu-toolchain/bin/../lib/gcc/arm-none-eabi/6.3.1/../../../../arm-none-eabi/lib/thumb/v6-m\libc.a(lib_a-__call_atexit.o)
                0x20000840                __atexit_recursive_mutex
                0x20000844                . = ALIGN (0x4)
                0x20000844                _erelocate = .

.bss            0x20000844      0x26c load address 0x00002504
                0x20000844                . = ALIGN (0x4)
                0x20000844                _sbss = .
                0x20000844                _szero = .
 *(.bss .bss.*)
 .bss           0x20000844       0x1c d:/program files (x86)/atmel studio/7.0/toolchain/arm/arm-gnu-toolchain/bin/../lib/gcc/arm-none-eabi/6.3.1/thumb/v6-m/crtbegin.o
 .bss           0x20000860       0x70 main.o
                0x20000860                SPI_TEST
                0x20000880                MIDI_USB
                0x200008a4                MIDI_CAN
 .bss.cpu_irq_critical_section_counter
                0x200008d0        0x4 src/ASF/common/utils/interrupt/interrupt_sam_nvic.o
 .bss.cpu_irq_prev_interrupt_state
                0x200008d4        0x1 src/ASF/common/utils/interrupt/interrupt_sam_nvic.o
 *fill*         0x200008d5        0x3 
 .bss._system_clock_inst
                0x200008d8       0x18 src/ASF/sam0/drivers/system/clock/clock_samd21_r21_da_ha1/clock.o
 .bss._usb_instances
                0x200008f0        0x4 src/ASF/sam0/drivers/usb/usb_sam_d_r/usb.o
 .bss.device_callback_lpm_wakeup_enable
                0x200008f4        0x4 src/ASF/sam0/drivers/usb/usb_sam_d_r/usb.o
 .bss.ep_callback_para
                0x200008f8        0x8 src/ASF/sam0/drivers/usb/usb_sam_d_r/usb.o
 .bss.host_pipe_job_busy_status
                0x20000900        0x4 src/ASF/sam0/drivers/usb/usb_sam_d_r/usb.o
                0x20000900                host_pipe_job_busy_status
 .bss.pipe_callback_para
                0x20000904        0x6 src/ASF/sam0/drivers/usb/usb_sam_d_r/usb.o
 *fill*         0x2000090a        0x2 
 .bss.heap.5296
                0x2000090c        0x4 src/ASF/sam0/utils/syscalls/gcc/syscalls.o
 .bss.__malloc_current_mallinfo
                0x20000910       0x28 d:/program files (x86)/atmel studio/7.0/toolchain/arm/arm-gnu-toolchain/bin/../lib/gcc/arm-none-eabi/6.3.1/../../../../arm-none-eabi/lib/thumb/v6-m\libc.a(lib_a-mallocr.o)
                0x20000910                __malloc_current_mallinfo
 .bss.__malloc_max_sbrked_mem
                0x20000938        0x4 d:/program files (x86)/atmel studio/7.0/toolchain/arm/arm-gnu-toolchain/bin/../lib/gcc/arm-none-eabi/6.3.1/../../../../arm-none-eabi/lib/thumb/v6-m\libc.a(lib_a-mallocr.o)
                0x20000938                __malloc_max_sbrked_mem
 .bss.__malloc_max_total_mem
                0x2000093c        0x4 d:/program files (x86)/atmel studio/7.0/toolchain/arm/arm-gnu-toolchain/bin/../lib/gcc/arm-none-eabi/6.3.1/../../../../arm-none-eabi/lib/thumb/v6-m\libc.a(lib_a-mallocr.o)
                0x2000093c                __malloc_max_total_mem
 .bss.__malloc_top_pad
                0x20000940        0x4 d:/program files (x86)/atmel studio/7.0/toolchain/arm/arm-gnu-toolchain/bin/../lib/gcc/arm-none-eabi/6.3.1/../../../../arm-none-eabi/lib/thumb/v6-m\libc.a(lib_a-mallocr.o)
                0x20000940                __malloc_top_pad
 *(COMMON)
 COMMON         0x20000944        0x1 src/ASF/sam0/drivers/extint/extint_callback.o
                0x20000944                _current_channel
 *fill*         0x20000945        0x3 
 COMMON         0x20000948       0x40 src/ASF/sam0/drivers/extint/extint_sam_d_r_h/extint.o
                0x20000948                _extint_dev
 COMMON         0x20000988      0x100 src/ASF/sam0/drivers/usb/usb_sam_d_r/usb.o
                0x20000988                usb_descriptor_table
 COMMON         0x20000a88       0x21 d:/program files (x86)/atmel studio/7.0/toolchain/arm/arm-gnu-toolchain/bin/../lib/gcc/arm-none-eabi/6.3.1/../../../../arm-none-eabi/lib/thumb/v6-m\libc.a(lib_a-lock.o)
                0x20000a88                __lock___atexit_recursive_mutex
                0x20000a8c                __lock___arc4random_mutex
                0x20000a90                __lock___env_recursive_mutex
                0x20000a94                __lock___sinit_recursive_mutex
                0x20000a98                __lock___malloc_recursive_mutex
                0x20000a9c                __lock___at_quick_exit_mutex
                0x20000aa0                __lock___dd_hash_mutex
                0x20000aa4                __lock___tz_mutex
                0x20000aa8                __lock___sfp_recursive_mutex
 *fill*         0x20000aa9        0x3 
 COMMON         0x20000aac        0x4 d:/program files (x86)/atmel studio/7.0/toolchain/arm/arm-gnu-toolchain/bin/../lib/gcc/arm-none-eabi/6.3.1/../../../../arm-none-eabi/lib/thumb/v6-m\libc.a(lib_a-reent.o)
                0x20000aac                errno
                0x20000ab0                . = ALIGN (0x4)
                0x20000ab0                _ebss = .
                0x20000ab0                _ezero = .

.stack          0x20000ab0     0x1000 load address 0x00002770
                0x20000ab0                . = ALIGN (0x8)
                0x20000ab0                _sstack = .
                0x20001ab0                . = (. + STACK_SIZE)
 *fill*         0x20000ab0     0x1000 
                0x20001ab0                . = ALIGN (0x8)
                0x20001ab0                _estack = .
                0x20001ab0                . = ALIGN (0x4)
                0x20001ab0                _end = .
OUTPUT(MIDIBUS_USB.elf elf32-littlearm)

.ARM.attributes
                0x00000000       0x28
 .ARM.attributes
                0x00000000       0x1e d:/program files (x86)/atmel studio/7.0/toolchain/arm/arm-gnu-toolchain/bin/../lib/gcc/arm-none-eabi/6.3.1/thumb/v6-m/crti.o
 .ARM.attributes
                0x0000001e       0x2c d:/program files (x86)/atmel studio/7.0/toolchain/arm/arm-gnu-toolchain/bin/../lib/gcc/arm-none-eabi/6.3.1/thumb/v6-m/crtbegin.o
 .ARM.attributes
                0x0000004a       0x32 main.o
 .ARM.attributes
                0x0000007c       0x32 src/ASF/common2/boards/user_board/init.o
 .ARM.attributes
                0x000000ae       0x32 src/ASF/common/utils/interrupt/interrupt_sam_nvic.o
 .ARM.attributes
                0x000000e0       0x32 src/ASF/sam0/drivers/extint/extint_callback.o
 .ARM.attributes
                0x00000112       0x32 src/ASF/sam0/drivers/extint/extint_sam_d_r_h/extint.o
 .ARM.attributes
                0x00000144       0x32 src/ASF/sam0/drivers/port/port.o
 .ARM.attributes
                0x00000176       0x32 src/ASF/sam0/drivers/system/clock/clock_samd21_r21_da_ha1/clock.o
 .ARM.attributes
                0x000001a8       0x32 src/ASF/sam0/drivers/system/clock/clock_samd21_r21_da_ha1/gclk.o
 .ARM.attributes
                0x000001da       0x32 src/ASF/sam0/drivers/system/pinmux/pinmux.o
 .ARM.attributes
                0x0000020c       0x32 src/ASF/sam0/drivers/system/system.o
 .ARM.attributes
                0x0000023e       0x32 src/ASF/sam0/drivers/usb/usb_sam_d_r/usb.o
 .ARM.attributes
                0x00000270       0x32 src/ASF/sam0/utils/cmsis/samd21/source/gcc/startup_samd21.o
 .ARM.attributes
                0x000002a2       0x32 src/ASF/sam0/utils/syscalls/gcc/syscalls.o
 .ARM.attributes
                0x000002d4       0x1e d:/program files (x86)/atmel studio/7.0/toolchain/arm/arm-gnu-toolchain/bin/../lib/gcc/arm-none-eabi/6.3.1/thumb/v6-m\libgcc.a(_ctzsi2.o)
 .ARM.attributes
                0x000002f2       0x2c d:/program files (x86)/atmel studio/7.0/toolchain/arm/arm-gnu-toolchain/bin/../lib/gcc/arm-none-eabi/6.3.1/../../../../arm-none-eabi/lib/thumb/v6-m\libc.a(lib_a-impure.o)
 .ARM.attributes
                0x0000031e       0x2c d:/program files (x86)/atmel studio/7.0/toolchain/arm/arm-gnu-toolchain/bin/../lib/gcc/arm-none-eabi/6.3.1/../../../../arm-none-eabi/lib/thumb/v6-m\libc.a(lib_a-init.o)
 .ARM.attributes
                0x0000034a       0x2c d:/program files (x86)/atmel studio/7.0/toolchain/arm/arm-gnu-toolchain/bin/../lib/gcc/arm-none-eabi/6.3.1/../../../../arm-none-eabi/lib/thumb/v6-m\libc.a(lib_a-malloc.o)
 .ARM.attributes
                0x00000376       0x2c d:/program files (x86)/atmel studio/7.0/toolchain/arm/arm-gnu-toolchain/bin/../lib/gcc/arm-none-eabi/6.3.1/../../../../arm-none-eabi/lib/thumb/v6-m\libc.a(lib_a-mallocr.o)
 .ARM.attributes
                0x000003a2       0x2c d:/program files (x86)/atmel studio/7.0/toolchain/arm/arm-gnu-toolchain/bin/../lib/gcc/arm-none-eabi/6.3.1/../../../../arm-none-eabi/lib/thumb/v6-m\libc.a(lib_a-mlock.o)
 .ARM.attributes
                0x000003ce       0x2c d:/program files (x86)/atmel studio/7.0/toolchain/arm/arm-gnu-toolchain/bin/../lib/gcc/arm-none-eabi/6.3.1/../../../../arm-none-eabi/lib/thumb/v6-m\libc.a(lib_a-sbrkr.o)
 .ARM.attributes
                0x000003fa       0x2c d:/program files (x86)/atmel studio/7.0/toolchain/arm/arm-gnu-toolchain/bin/../lib/gcc/arm-none-eabi/6.3.1/../../../../arm-none-eabi/lib/thumb/v6-m\libc.a(lib_a-__call_atexit.o)
 .ARM.attributes
                0x00000426       0x2c d:/program files (x86)/atmel studio/7.0/toolchain/arm/arm-gnu-toolchain/bin/../lib/gcc/arm-none-eabi/6.3.1/../../../../arm-none-eabi/lib/thumb/v6-m\libc.a(lib_a-atexit.o)
 .ARM.attributes
                0x00000452       0x2c d:/program files (x86)/atmel studio/7.0/toolchain/arm/arm-gnu-toolchain/bin/../lib/gcc/arm-none-eabi/6.3.1/../../../../arm-none-eabi/lib/thumb/v6-m\libc.a(lib_a-fini.o)
 .ARM.attributes
                0x0000047e       0x2c d:/program files (x86)/atmel studio/7.0/toolchain/arm/arm-gnu-toolchain/bin/../lib/gcc/arm-none-eabi/6.3.1/../../../../arm-none-eabi/lib/thumb/v6-m\libc.a(lib_a-freer.o)
 .ARM.attributes
                0x000004aa       0x2c d:/program files (x86)/atmel studio/7.0/toolchain/arm/arm-gnu-toolchain/bin/../lib/gcc/arm-none-eabi/6.3.1/../../../../arm-none-eabi/lib/thumb/v6-m\libc.a(lib_a-lock.o)
 .ARM.attributes
                0x000004d6       0x2c d:/program files (x86)/atmel studio/7.0/toolchain/arm/arm-gnu-toolchain/bin/../lib/gcc/arm-none-eabi/6.3.1/../../../../arm-none-eabi/lib/thumb/v6-m\libc.a(lib_a-reent.o)
 .ARM.attributes
                0x00000502       0x2c d:/program files (x86)/atmel studio/7.0/toolchain/arm/arm-gnu-toolchain/bin/../lib/gcc/arm-none-eabi/6.3.1/../../../../arm-none-eabi/lib/thumb/v6-m\libc.a(lib_a-__atexit.o)
 .ARM.attributes
                0x0000052e       0x1e d:/program files (x86)/atmel studio/7.0/toolchain/arm/arm-gnu-toolchain/bin/../lib/gcc/arm-none-eabi/6.3.1/thumb/v6-m/crtn.o

.comment        0x00000000       0x59
 .comment       0x00000000       0x59 main.o
                                 0x5a (size before relaxing)
 .comment       0x00000059       0x5a src/ASF/common2/boards/user_board/init.o
 .comment       0x00000059       0x5a src/ASF/common/utils/interrupt/interrupt_sam_nvic.o
 .comment       0x00000059       0x5a src/ASF/sam0/drivers/extint/extint_callback.o
 .comment       0x00000059       0x5a src/ASF/sam0/drivers/extint/extint_sam_d_r_h/extint.o
 .comment       0x00000059       0x5a src/ASF/sam0/drivers/port/port.o
 .comment       0x00000059       0x5a src/ASF/sam0/drivers/system/clock/clock_samd21_r21_da_ha1/clock.o
 .comment       0x00000059       0x5a src/ASF/sam0/drivers/system/clock/clock_samd21_r21_da_ha1/gclk.o
 .comment       0x00000059       0x5a src/ASF/sam0/drivers/system/pinmux/pinmux.o
 .comment       0x00000059       0x5a src/ASF/sam0/drivers/system/system.o
 .comment       0x00000059       0x5a src/ASF/sam0/drivers/usb/usb_sam_d_r/usb.o
 .comment       0x00000059       0x5a src/ASF/sam0/utils/cmsis/samd21/source/gcc/startup_samd21.o
 .comment       0x00000059       0x5a src/ASF/sam0/utils/syscalls/gcc/syscalls.o

.debug_info     0x00000000    0x1cac6
 .debug_info    0x00000000     0x4865 main.o
 .debug_info    0x00004865      0xe37 src/ASF/common2/boards/user_board/init.o
 .debug_info    0x0000569c      0xb05 src/ASF/common/utils/interrupt/interrupt_sam_nvic.o
 .debug_info    0x000061a1     0x19a7 src/ASF/sam0/drivers/extint/extint_callback.o
 .debug_info    0x00007b48     0x2b1d src/ASF/sam0/drivers/extint/extint_sam_d_r_h/extint.o
 .debug_info    0x0000a665     0x12b6 src/ASF/sam0/drivers/port/port.o
 .debug_info    0x0000b91b     0x3a0b src/ASF/sam0/drivers/system/clock/clock_samd21_r21_da_ha1/clock.o
 .debug_info    0x0000f326     0x1ed9 src/ASF/sam0/drivers/system/clock/clock_samd21_r21_da_ha1/gclk.o
 .debug_info    0x000111ff     0x13f3 src/ASF/sam0/drivers/system/pinmux/pinmux.o
 .debug_info    0x000125f2      0xa73 src/ASF/sam0/drivers/system/system.o
 .debug_info    0x00013065     0x527b src/ASF/sam0/drivers/usb/usb_sam_d_r/usb.o
 .debug_info    0x000182e0     0x3a4e src/ASF/sam0/utils/cmsis/samd21/source/gcc/startup_samd21.o
 .debug_info    0x0001bd2e      0xd98 src/ASF/sam0/utils/syscalls/gcc/syscalls.o

.debug_abbrev   0x00000000     0x2c35
 .debug_abbrev  0x00000000      0x640 main.o
 .debug_abbrev  0x00000640      0x1c7 src/ASF/common2/boards/user_board/init.o
 .debug_abbrev  0x00000807      0x23b src/ASF/common/utils/interrupt/interrupt_sam_nvic.o
 .debug_abbrev  0x00000a42      0x333 src/ASF/sam0/drivers/extint/extint_callback.o
 .debug_abbrev  0x00000d75      0x4b4 src/ASF/sam0/drivers/extint/extint_sam_d_r_h/extint.o
 .debug_abbrev  0x00001229      0x298 src/ASF/sam0/drivers/port/port.o
 .debug_abbrev  0x000014c1      0x493 src/ASF/sam0/drivers/system/clock/clock_samd21_r21_da_ha1/clock.o
 .debug_abbrev  0x00001954      0x40d src/ASF/sam0/drivers/system/clock/clock_samd21_r21_da_ha1/gclk.o
 .debug_abbrev  0x00001d61      0x361 src/ASF/sam0/drivers/system/pinmux/pinmux.o
 .debug_abbrev  0x000020c2      0x1e1 src/ASF/sam0/drivers/system/system.o
 .debug_abbrev  0x000022a3      0x507 src/ASF/sam0/drivers/usb/usb_sam_d_r/usb.o
 .debug_abbrev  0x000027aa      0x234 src/ASF/sam0/utils/cmsis/samd21/source/gcc/startup_samd21.o
 .debug_abbrev  0x000029de      0x257 src/ASF/sam0/utils/syscalls/gcc/syscalls.o

.debug_loc      0x00000000     0x3fd6
 .debug_loc     0x00000000      0x345 main.o
 .debug_loc     0x00000345      0x2ac src/ASF/sam0/drivers/extint/extint_callback.o
 .debug_loc     0x000005f1      0x43d src/ASF/sam0/drivers/extint/extint_sam_d_r_h/extint.o
 .debug_loc     0x00000a2e      0x13d src/ASF/sam0/drivers/port/port.o
 .debug_loc     0x00000b6b      0xf87 src/ASF/sam0/drivers/system/clock/clock_samd21_r21_da_ha1/clock.o
 .debug_loc     0x00001af2      0x504 src/ASF/sam0/drivers/system/clock/clock_samd21_r21_da_ha1/gclk.o
 .debug_loc     0x00001ff6      0x36d src/ASF/sam0/drivers/system/pinmux/pinmux.o
 .debug_loc     0x00002363       0x20 src/ASF/sam0/drivers/system/system.o
 .debug_loc     0x00002383     0x1b24 src/ASF/sam0/drivers/usb/usb_sam_d_r/usb.o
 .debug_loc     0x00003ea7       0x40 src/ASF/sam0/utils/cmsis/samd21/source/gcc/startup_samd21.o
 .debug_loc     0x00003ee7       0xef src/ASF/sam0/utils/syscalls/gcc/syscalls.o

.debug_aranges  0x00000000      0x498
 .debug_aranges
                0x00000000       0x50 main.o
 .debug_aranges
                0x00000050       0x20 src/ASF/common2/boards/user_board/init.o
 .debug_aranges
                0x00000070       0x28 src/ASF/common/utils/interrupt/interrupt_sam_nvic.o
 .debug_aranges
                0x00000098       0x48 src/ASF/sam0/drivers/extint/extint_callback.o
 .debug_aranges
                0x000000e0       0x50 src/ASF/sam0/drivers/extint/extint_sam_d_r_h/extint.o
 .debug_aranges
                0x00000130       0x28 src/ASF/sam0/drivers/port/port.o
 .debug_aranges
                0x00000158       0x78 src/ASF/sam0/drivers/system/clock/clock_samd21_r21_da_ha1/clock.o
 .debug_aranges
                0x000001d0       0x80 src/ASF/sam0/drivers/system/clock/clock_samd21_r21_da_ha1/gclk.o
 .debug_aranges
                0x00000250       0x40 src/ASF/sam0/drivers/system/pinmux/pinmux.o
 .debug_aranges
                0x00000290       0x28 src/ASF/sam0/drivers/system/system.o
 .debug_aranges
                0x000002b8      0x158 src/ASF/sam0/drivers/usb/usb_sam_d_r/usb.o
 .debug_aranges
                0x00000410       0x28 src/ASF/sam0/utils/cmsis/samd21/source/gcc/startup_samd21.o
 .debug_aranges
                0x00000438       0x60 src/ASF/sam0/utils/syscalls/gcc/syscalls.o

.debug_ranges   0x00000000      0x498
 .debug_ranges  0x00000000       0x58 main.o
 .debug_ranges  0x00000058       0x10 src/ASF/common2/boards/user_board/init.o
 .debug_ranges  0x00000068       0x18 src/ASF/common/utils/interrupt/interrupt_sam_nvic.o
 .debug_ranges  0x00000080       0x90 src/ASF/sam0/drivers/extint/extint_callback.o
 .debug_ranges  0x00000110       0x40 src/ASF/sam0/drivers/extint/extint_sam_d_r_h/extint.o
 .debug_ranges  0x00000150       0x18 src/ASF/sam0/drivers/port/port.o
 .debug_ranges  0x00000168       0x68 src/ASF/sam0/drivers/system/clock/clock_samd21_r21_da_ha1/clock.o
 .debug_ranges  0x000001d0       0x88 src/ASF/sam0/drivers/system/clock/clock_samd21_r21_da_ha1/gclk.o
 .debug_ranges  0x00000258       0x30 src/ASF/sam0/drivers/system/pinmux/pinmux.o
 .debug_ranges  0x00000288       0x18 src/ASF/sam0/drivers/system/system.o
 .debug_ranges  0x000002a0      0x190 src/ASF/sam0/drivers/usb/usb_sam_d_r/usb.o
 .debug_ranges  0x00000430       0x18 src/ASF/sam0/utils/cmsis/samd21/source/gcc/startup_samd21.o
 .debug_ranges  0x00000448       0x50 src/ASF/sam0/utils/syscalls/gcc/syscalls.o

.debug_macro    0x00000000    0x2a79e
 .debug_macro   0x00000000      0x762 main.o
 .debug_macro   0x00000762      0x9a6 main.o
 .debug_macro   0x00001108       0x1c main.o
 .debug_macro   0x00001124       0x22 main.o
 .debug_macro   0x00001146       0x87 main.o
 .debug_macro   0x000011cd       0x51 main.o
 .debug_macro   0x0000121e       0xef main.o
 .debug_macro   0x0000130d       0x6a main.o
 .debug_macro   0x00001377      0x1df main.o
 .debug_macro   0x00001556       0x39 main.o
 .debug_macro   0x0000158f       0x1c main.o
 .debug_macro   0x000015ab       0x22 main.o
 .debug_macro   0x000015cd       0xb5 main.o
 .debug_macro   0x00001682      0x3ad main.o
 .debug_macro   0x00001a2f      0x67e main.o
 .debug_macro   0x000020ad      0x8b1 main.o
 .debug_macro   0x0000295e      0x22e main.o
 .debug_macro   0x00002b8c      0xd5c main.o
 .debug_macro   0x000038e8      0x4dc main.o
 .debug_macro   0x00003dc4      0x9f6 main.o
 .debug_macro   0x000047ba      0x82b main.o
 .debug_macro   0x00004fe5      0x451 main.o
 .debug_macro   0x00005436       0x5e main.o
 .debug_macro   0x00005494      0x8f9 main.o
 .debug_macro   0x00005d8d      0x21c main.o
 .debug_macro   0x00005fa9      0x7dd main.o
 .debug_macro   0x00006786       0x5e main.o
 .debug_macro   0x000067e4      0x671 main.o
 .debug_macro   0x00006e55      0x3ac main.o
 .debug_macro   0x00007201      0xc76 main.o
 .debug_macro   0x00007e77     0x1092 main.o
 .debug_macro   0x00008f09      0xc4a main.o
 .debug_macro   0x00009b53      0x6ba main.o
 .debug_macro   0x0000a20d     0x1b3d main.o
 .debug_macro   0x0000bd4a     0x143c main.o
 .debug_macro   0x0000d186      0x340 main.o
 .debug_macro   0x0000d4c6       0x7c main.o
 .debug_macro   0x0000d542       0xa0 main.o
 .debug_macro   0x0000d5e2       0x4c main.o
 .debug_macro   0x0000d62e       0xca main.o
 .debug_macro   0x0000d6f8       0x94 main.o
 .debug_macro   0x0000d78c       0x58 main.o
 .debug_macro   0x0000d7e4      0x3bf main.o
 .debug_macro   0x0000dba3       0x82 main.o
 .debug_macro   0x0000dc25      0x189 main.o
 .debug_macro   0x0000ddae       0xb8 main.o
 .debug_macro   0x0000de66       0xa0 main.o
 .debug_macro   0x0000df06       0xb8 main.o
 .debug_macro   0x0000dfbe       0x1c main.o
 .debug_macro   0x0000dfda       0x1c main.o
 .debug_macro   0x0000dff6       0x1c main.o
 .debug_macro   0x0000e012       0x82 main.o
 .debug_macro   0x0000e094      0x15a main.o
 .debug_macro   0x0000e1ee       0x10 main.o
 .debug_macro   0x0000e1fe       0xdc main.o
 .debug_macro   0x0000e2da      0x124 main.o
 .debug_macro   0x0000e3fe      0x124 main.o
 .debug_macro   0x0000e522      0x124 main.o
 .debug_macro   0x0000e646      0x124 main.o
 .debug_macro   0x0000e76a      0x124 main.o
 .debug_macro   0x0000e88e      0x124 main.o
 .debug_macro   0x0000e9b2      0x124 main.o
 .debug_macro   0x0000ead6       0xe2 main.o
 .debug_macro   0x0000ebb8       0xe2 main.o
 .debug_macro   0x0000ec9a       0xe2 main.o
 .debug_macro   0x0000ed7c      0x130 main.o
 .debug_macro   0x0000eeac      0x106 main.o
 .debug_macro   0x0000efb2       0xfa main.o
 .debug_macro   0x0000f0ac      0x130 main.o
 .debug_macro   0x0000f1dc      0x40f main.o
 .debug_macro   0x0000f5eb       0x40 main.o
 .debug_macro   0x0000f62b      0x38b main.o
 .debug_macro   0x0000f9b6     0x199f main.o
 .debug_macro   0x00011355       0x7b main.o
 .debug_macro   0x000113d0      0x17b main.o
 .debug_macro   0x0001154b      0x71d main.o
 .debug_macro   0x00011c68       0x16 main.o
 .debug_macro   0x00011c7e       0x76 main.o
 .debug_macro   0x00011cf4       0x16 main.o
 .debug_macro   0x00011d0a      0x6db main.o
 .debug_macro   0x000123e5      0xdd8 main.o
 .debug_macro   0x000131bd       0x16 main.o
 .debug_macro   0x000131d3       0x58 main.o
 .debug_macro   0x0001322b       0x35 main.o
 .debug_macro   0x00013260       0x9c main.o
 .debug_macro   0x000132fc       0x16 main.o
 .debug_macro   0x00013312       0x35 main.o
 .debug_macro   0x00013347      0x34d main.o
 .debug_macro   0x00013694       0x10 main.o
 .debug_macro   0x000136a4       0x58 main.o
 .debug_macro   0x000136fc       0x1f main.o
 .debug_macro   0x0001371b       0x43 main.o
 .debug_macro   0x0001375e       0x20 main.o
 .debug_macro   0x0001377e      0x187 main.o
 .debug_macro   0x00013905       0x10 main.o
 .debug_macro   0x00013915       0x1c main.o
 .debug_macro   0x00013931       0x52 main.o
 .debug_macro   0x00013983       0x40 main.o
 .debug_macro   0x000139c3       0x10 main.o
 .debug_macro   0x000139d3       0x40 main.o
 .debug_macro   0x00013a13       0xd7 main.o
 .debug_macro   0x00013aea       0x16 main.o
 .debug_macro   0x00013b00      0x18b main.o
 .debug_macro   0x00013c8b      0x143 main.o
 .debug_macro   0x00013dce       0x10 main.o
 .debug_macro   0x00013dde      0x3c3 main.o
 .debug_macro   0x000141a1       0x10 main.o
 .debug_macro   0x000141b1       0x16 main.o
 .debug_macro   0x000141c7       0x16 main.o
 .debug_macro   0x000141dd       0x29 main.o
 .debug_macro   0x00014206       0xea main.o
 .debug_macro   0x000142f0       0x51 main.o
 .debug_macro   0x00014341       0x3e main.o
 .debug_macro   0x0001437f      0x3c3 main.o
 .debug_macro   0x00014742       0x3a main.o
 .debug_macro   0x0001477c       0x18 main.o
 .debug_macro   0x00014794       0x19 main.o
 .debug_macro   0x000147ad      0x2df main.o
 .debug_macro   0x00014a8c       0x18 main.o
 .debug_macro   0x00014aa4       0x22 main.o
 .debug_macro   0x00014ac6       0x11 main.o
 .debug_macro   0x00014ad7       0x16 main.o
 .debug_macro   0x00014aed       0x2e main.o
 .debug_macro   0x00014b1b      0x21e main.o
 .debug_macro   0x00014d39       0x81 main.o
 .debug_macro   0x00014dba       0x99 main.o
 .debug_macro   0x00014e53      0x241 main.o
 .debug_macro   0x00015094      0x162 main.o
 .debug_macro   0x000151f6       0x16 main.o
 .debug_macro   0x0001520c       0x1c main.o
 .debug_macro   0x00015228      0x190 main.o
 .debug_macro   0x000153b8       0x28 main.o
 .debug_macro   0x000153e0       0x10 main.o
 .debug_macro   0x000153f0      0x6ea src/ASF/common2/boards/user_board/init.o
 .debug_macro   0x00015ada      0x8c8 src/ASF/common2/boards/user_board/init.o
 .debug_macro   0x000163a2      0x16d src/ASF/common2/boards/user_board/init.o
 .debug_macro   0x0001650f       0x87 src/ASF/common2/boards/user_board/init.o
 .debug_macro   0x00016596       0x10 src/ASF/common2/boards/user_board/init.o
 .debug_macro   0x000165a6       0x22 src/ASF/common2/boards/user_board/init.o
 .debug_macro   0x000165c8       0x46 src/ASF/common2/boards/user_board/init.o
 .debug_macro   0x0001660e      0x3ad src/ASF/common2/boards/user_board/init.o
 .debug_macro   0x000169bb      0x681 src/ASF/common2/boards/user_board/init.o
 .debug_macro   0x0001703c      0x8b5 src/ASF/common2/boards/user_board/init.o
 .debug_macro   0x000178f1      0x230 src/ASF/common2/boards/user_board/init.o
 .debug_macro   0x00017b21      0xd60 src/ASF/common2/boards/user_board/init.o
 .debug_macro   0x00018881      0x4cb src/ASF/common2/boards/user_board/init.o
 .debug_macro   0x00018d4c      0x9f8 src/ASF/common2/boards/user_board/init.o
 .debug_macro   0x00019744      0x82b src/ASF/common2/boards/user_board/init.o
 .debug_macro   0x00019f6f      0x455 src/ASF/common2/boards/user_board/init.o
 .debug_macro   0x0001a3c4       0x5e src/ASF/common2/boards/user_board/init.o
 .debug_macro   0x0001a422      0x8fd src/ASF/common2/boards/user_board/init.o
 .debug_macro   0x0001ad1f      0x21c src/ASF/common2/boards/user_board/init.o
 .debug_macro   0x0001af3b      0x7e1 src/ASF/common2/boards/user_board/init.o
 .debug_macro   0x0001b71c       0x5e src/ASF/common2/boards/user_board/init.o
 .debug_macro   0x0001b77a      0x675 src/ASF/common2/boards/user_board/init.o
 .debug_macro   0x0001bdef      0x3af src/ASF/common2/boards/user_board/init.o
 .debug_macro   0x0001c19e      0xc7a src/ASF/common2/boards/user_board/init.o
 .debug_macro   0x0001ce18     0x1092 src/ASF/common2/boards/user_board/init.o
 .debug_macro   0x0001deaa      0xc4a src/ASF/common2/boards/user_board/init.o
 .debug_macro   0x0001eaf4      0x6ba src/ASF/common2/boards/user_board/init.o
 .debug_macro   0x0001f1ae     0x1b48 src/ASF/common2/boards/user_board/init.o
 .debug_macro   0x00020cf6     0x1440 src/ASF/common2/boards/user_board/init.o
 .debug_macro   0x00022136      0x344 src/ASF/common2/boards/user_board/init.o
 .debug_macro   0x0002247a       0x7c src/ASF/common2/boards/user_board/init.o
 .debug_macro   0x000224f6       0xa0 src/ASF/common2/boards/user_board/init.o
 .debug_macro   0x00022596       0x4c src/ASF/common2/boards/user_board/init.o
 .debug_macro   0x000225e2       0xca src/ASF/common2/boards/user_board/init.o
 .debug_macro   0x000226ac       0x94 src/ASF/common2/boards/user_board/init.o
 .debug_macro   0x00022740       0x58 src/ASF/common2/boards/user_board/init.o
 .debug_macro   0x00022798      0x3c3 src/ASF/common2/boards/user_board/init.o
 .debug_macro   0x00022b5b       0x82 src/ASF/common2/boards/user_board/init.o
 .debug_macro   0x00022bdd      0x18d src/ASF/common2/boards/user_board/init.o
 .debug_macro   0x00022d6a       0xb8 src/ASF/common2/boards/user_board/init.o
 .debug_macro   0x00022e22       0xa0 src/ASF/common2/boards/user_board/init.o
 .debug_macro   0x00022ec2       0xb8 src/ASF/common2/boards/user_board/init.o
 .debug_macro   0x00022f7a       0x1c src/ASF/common2/boards/user_board/init.o
 .debug_macro   0x00022f96       0x1c src/ASF/common2/boards/user_board/init.o
 .debug_macro   0x00022fb2       0x1c src/ASF/common2/boards/user_board/init.o
 .debug_macro   0x00022fce       0x82 src/ASF/common2/boards/user_board/init.o
 .debug_macro   0x00023050      0x15a src/ASF/common2/boards/user_board/init.o
 .debug_macro   0x000231aa       0xdc src/ASF/common2/boards/user_board/init.o
 .debug_macro   0x00023286      0x128 src/ASF/common2/boards/user_board/init.o
 .debug_macro   0x000233ae      0x128 src/ASF/common2/boards/user_board/init.o
 .debug_macro   0x000234d6      0x128 src/ASF/common2/boards/user_board/init.o
 .debug_macro   0x000235fe      0x128 src/ASF/common2/boards/user_board/init.o
 .debug_macro   0x00023726      0x128 src/ASF/common2/boards/user_board/init.o
 .debug_macro   0x0002384e      0x128 src/ASF/common2/boards/user_board/init.o
 .debug_macro   0x00023976      0x124 src/ASF/common2/boards/user_board/init.o
 .debug_macro   0x00023a9a       0xe2 src/ASF/common2/boards/user_board/init.o
 .debug_macro   0x00023b7c       0xe2 src/ASF/common2/boards/user_board/init.o
 .debug_macro   0x00023c5e       0xe2 src/ASF/common2/boards/user_board/init.o
 .debug_macro   0x00023d40      0x130 src/ASF/common2/boards/user_board/init.o
 .debug_macro   0x00023e70      0x106 src/ASF/common2/boards/user_board/init.o
 .debug_macro   0x00023f76       0xfa src/ASF/common2/boards/user_board/init.o
 .debug_macro   0x00024070      0x130 src/ASF/common2/boards/user_board/init.o
 .debug_macro   0x000241a0      0x40f src/ASF/common2/boards/user_board/init.o
 .debug_macro   0x000245af       0x40 src/ASF/common2/boards/user_board/init.o
 .debug_macro   0x000245ef      0x38b src/ASF/common2/boards/user_board/init.o
 .debug_macro   0x0002497a     0x19a6 src/ASF/common2/boards/user_board/init.o
 .debug_macro   0x00026320       0x7b src/ASF/common2/boards/user_board/init.o
 .debug_macro   0x0002639b       0x9c src/ASF/common2/boards/user_board/init.o
 .debug_macro   0x00026437       0x35 src/ASF/common2/boards/user_board/init.o
 .debug_macro   0x0002646c      0x34d src/ASF/common2/boards/user_board/init.o
 .debug_macro   0x000267b9       0x43 src/ASF/common2/boards/user_board/init.o
 .debug_macro   0x000267fc      0x3df src/ASF/common2/boards/user_board/init.o
 .debug_macro   0x00026bdb      0x515 src/ASF/common/utils/interrupt/interrupt_sam_nvic.o
 .debug_macro   0x000270f0      0x53a src/ASF/sam0/drivers/extint/extint_callback.o
 .debug_macro   0x0002762a      0x594 src/ASF/sam0/drivers/extint/extint_sam_d_r_h/extint.o
 .debug_macro   0x00027bbe       0x1f src/ASF/sam0/drivers/extint/extint_sam_d_r_h/extint.o
 .debug_macro   0x00027bdd       0x16 src/ASF/sam0/drivers/extint/extint_sam_d_r_h/extint.o
 .debug_macro   0x00027bf3      0x52f src/ASF/sam0/drivers/port/port.o
 .debug_macro   0x00028122       0x12 src/ASF/sam0/drivers/port/port.o
 .debug_macro   0x00028134      0x594 src/ASF/sam0/drivers/system/clock/clock_samd21_r21_da_ha1/clock.o
 .debug_macro   0x000286c8      0x298 src/ASF/sam0/drivers/system/clock/clock_samd21_r21_da_ha1/clock.o
 .debug_macro   0x00028960      0x54b src/ASF/sam0/drivers/system/clock/clock_samd21_r21_da_ha1/gclk.o
 .debug_macro   0x00028eab      0x525 src/ASF/sam0/drivers/system/pinmux/pinmux.o
 .debug_macro   0x000293d0       0x12 src/ASF/sam0/drivers/system/pinmux/pinmux.o
 .debug_macro   0x000293e2      0x558 src/ASF/sam0/drivers/system/system.o
 .debug_macro   0x0002993a      0x5ec src/ASF/sam0/drivers/usb/usb_sam_d_r/usb.o
 .debug_macro   0x00029f26      0x2fc src/ASF/sam0/utils/cmsis/samd21/source/gcc/startup_samd21.o
 .debug_macro   0x0002a222       0x40 src/ASF/sam0/utils/cmsis/samd21/source/gcc/startup_samd21.o
 .debug_macro   0x0002a262      0x1d6 src/ASF/sam0/utils/syscalls/gcc/syscalls.o
 .debug_macro   0x0002a438       0x97 src/ASF/sam0/utils/syscalls/gcc/syscalls.o
 .debug_macro   0x0002a4cf       0xf6 src/ASF/sam0/utils/syscalls/gcc/syscalls.o
 .debug_macro   0x0002a5c5       0x4c src/ASF/sam0/utils/syscalls/gcc/syscalls.o
 .debug_macro   0x0002a611       0x16 src/ASF/sam0/utils/syscalls/gcc/syscalls.o
 .debug_macro   0x0002a627       0x10 src/ASF/sam0/utils/syscalls/gcc/syscalls.o
 .debug_macro   0x0002a637       0x10 src/ASF/sam0/utils/syscalls/gcc/syscalls.o
 .debug_macro   0x0002a647       0x35 src/ASF/sam0/utils/syscalls/gcc/syscalls.o
 .debug_macro   0x0002a67c      0x122 src/ASF/sam0/utils/syscalls/gcc/syscalls.o

.debug_line     0x00000000     0x924f
 .debug_line    0x00000000     0x114f main.o
 .debug_line    0x0000114f      0xe50 src/ASF/common2/boards/user_board/init.o
 .debug_line    0x00001f9f      0x923 src/ASF/common/utils/interrupt/interrupt_sam_nvic.o
 .debug_line    0x000028c2      0xa2b src/ASF/sam0/drivers/extint/extint_callback.o
 .debug_line    0x000032ed      0xc8b src/ASF/sam0/drivers/extint/extint_sam_d_r_h/extint.o
 .debug_line    0x00003f78      0x955 src/ASF/sam0/drivers/port/port.o
 .debug_line    0x000048cd      0xd15 src/ASF/sam0/drivers/system/clock/clock_samd21_r21_da_ha1/clock.o
 .debug_line    0x000055e2      0xcd1 src/ASF/sam0/drivers/system/clock/clock_samd21_r21_da_ha1/gclk.o
 .debug_line    0x000062b3      0x9a2 src/ASF/sam0/drivers/system/pinmux/pinmux.o
 .debug_line    0x00006c55      0xa4c src/ASF/sam0/drivers/system/system.o
 .debug_line    0x000076a1     0x10fe src/ASF/sam0/drivers/usb/usb_sam_d_r/usb.o
 .debug_line    0x0000879f      0x6a7 src/ASF/sam0/utils/cmsis/samd21/source/gcc/startup_samd21.o
 .debug_line    0x00008e46      0x409 src/ASF/sam0/utils/syscalls/gcc/syscalls.o

.debug_str      0x00000000    0xc6695
 .debug_str     0x00000000    0x8bad9 main.o
                              0x8c76c (size before relaxing)
 .debug_str     0x0008bad9    0x3401a src/ASF/common2/boards/user_board/init.o
                              0x85aa5 (size before relaxing)
 .debug_str     0x000bfaf3       0x94 src/ASF/common/utils/interrupt/interrupt_sam_nvic.o
                              0x810af (size before relaxing)
 .debug_str     0x000bfb87      0x789 src/ASF/sam0/drivers/extint/extint_callback.o
                              0x818f2 (size before relaxing)
 .debug_str     0x000c0310      0xe5a src/ASF/sam0/drivers/extint/extint_sam_d_r_h/extint.o
                              0x82928 (size before relaxing)
 .debug_str     0x000c116a       0x59 src/ASF/sam0/drivers/port/port.o
                              0x814db (size before relaxing)
 .debug_str     0x000c11c3     0x2872 src/ASF/sam0/drivers/system/clock/clock_samd21_r21_da_ha1/clock.o
                              0x8433e (size before relaxing)
 .debug_str     0x000c3a35      0x229 src/ASF/sam0/drivers/system/clock/clock_samd21_r21_da_ha1/gclk.o
                              0x81d78 (size before relaxing)
 .debug_str     0x000c3c5e      0x179 src/ASF/sam0/drivers/system/pinmux/pinmux.o
                              0x81551 (size before relaxing)
 .debug_str     0x000c3dd7       0x3b src/ASF/sam0/drivers/system/system.o
                              0x8118c (size before relaxing)
 .debug_str     0x000c3e12     0x182e src/ASF/sam0/drivers/usb/usb_sam_d_r/usb.o
                              0x83bad (size before relaxing)
 .debug_str     0x000c5640      0x902 src/ASF/sam0/utils/cmsis/samd21/source/gcc/startup_samd21.o
                              0x6c14f (size before relaxing)
 .debug_str     0x000c5f42      0x753 src/ASF/sam0/utils/syscalls/gcc/syscalls.o
                               0x73be (size before relaxing)

.debug_frame    0x00000000      0xdc4
 .debug_frame   0x00000000       0xb4 main.o
 .debug_frame   0x000000b4       0x20 src/ASF/common2/boards/user_board/init.o
 .debug_frame   0x000000d4       0x30 src/ASF/common/utils/interrupt/interrupt_sam_nvic.o
 .debug_frame   0x00000104       0x7c src/ASF/sam0/drivers/extint/extint_callback.o
 .debug_frame   0x00000180       0xb8 src/ASF/sam0/drivers/extint/extint_sam_d_r_h/extint.o
 .debug_frame   0x00000238       0x44 src/ASF/sam0/drivers/port/port.o
 .debug_frame   0x0000027c      0x158 src/ASF/sam0/drivers/system/clock/clock_samd21_r21_da_ha1/clock.o
 .debug_frame   0x000003d4      0x148 src/ASF/sam0/drivers/system/clock/clock_samd21_r21_da_ha1/gclk.o
 .debug_frame   0x0000051c       0x98 src/ASF/sam0/drivers/system/pinmux/pinmux.o
 .debug_frame   0x000005b4       0x38 src/ASF/sam0/drivers/system/system.o
 .debug_frame   0x000005ec      0x3b8 src/ASF/sam0/drivers/usb/usb_sam_d_r/usb.o
 .debug_frame   0x000009a4       0x40 src/ASF/sam0/utils/cmsis/samd21/source/gcc/startup_samd21.o
 .debug_frame   0x000009e4       0xa0 src/ASF/sam0/utils/syscalls/gcc/syscalls.o
 .debug_frame   0x00000a84       0x2c d:/program files (x86)/atmel studio/7.0/toolchain/arm/arm-gnu-toolchain/bin/../lib/gcc/arm-none-eabi/6.3.1/../../../../arm-none-eabi/lib/thumb/v6-m\libc.a(lib_a-init.o)
 .debug_frame   0x00000ab0       0x40 d:/program files (x86)/atmel studio/7.0/toolchain/arm/arm-gnu-toolchain/bin/../lib/gcc/arm-none-eabi/6.3.1/../../../../arm-none-eabi/lib/thumb/v6-m\libc.a(lib_a-malloc.o)
 .debug_frame   0x00000af0       0x3c d:/program files (x86)/atmel studio/7.0/toolchain/arm/arm-gnu-toolchain/bin/../lib/gcc/arm-none-eabi/6.3.1/../../../../arm-none-eabi/lib/thumb/v6-m\libc.a(lib_a-mallocr.o)
 .debug_frame   0x00000b2c       0x40 d:/program files (x86)/atmel studio/7.0/toolchain/arm/arm-gnu-toolchain/bin/../lib/gcc/arm-none-eabi/6.3.1/../../../../arm-none-eabi/lib/thumb/v6-m\libc.a(lib_a-mlock.o)
 .debug_frame   0x00000b6c       0x2c d:/program files (x86)/atmel studio/7.0/toolchain/arm/arm-gnu-toolchain/bin/../lib/gcc/arm-none-eabi/6.3.1/../../../../arm-none-eabi/lib/thumb/v6-m\libc.a(lib_a-sbrkr.o)
 .debug_frame   0x00000b98       0x54 d:/program files (x86)/atmel studio/7.0/toolchain/arm/arm-gnu-toolchain/bin/../lib/gcc/arm-none-eabi/6.3.1/../../../../arm-none-eabi/lib/thumb/v6-m\libc.a(lib_a-__call_atexit.o)
 .debug_frame   0x00000bec       0x28 d:/program files (x86)/atmel studio/7.0/toolchain/arm/arm-gnu-toolchain/bin/../lib/gcc/arm-none-eabi/6.3.1/../../../../arm-none-eabi/lib/thumb/v6-m\libc.a(lib_a-atexit.o)
 .debug_frame   0x00000c14       0x2c d:/program files (x86)/atmel studio/7.0/toolchain/arm/arm-gnu-toolchain/bin/../lib/gcc/arm-none-eabi/6.3.1/../../../../arm-none-eabi/lib/thumb/v6-m\libc.a(lib_a-fini.o)
 .debug_frame   0x00000c40       0x50 d:/program files (x86)/atmel studio/7.0/toolchain/arm/arm-gnu-toolchain/bin/../lib/gcc/arm-none-eabi/6.3.1/../../../../arm-none-eabi/lib/thumb/v6-m\libc.a(lib_a-freer.o)
 .debug_frame   0x00000c90       0xb0 d:/program files (x86)/atmel studio/7.0/toolchain/arm/arm-gnu-toolchain/bin/../lib/gcc/arm-none-eabi/6.3.1/../../../../arm-none-eabi/lib/thumb/v6-m\libc.a(lib_a-lock.o)
 .debug_frame   0x00000d40       0x48 d:/program files (x86)/atmel studio/7.0/toolchain/arm/arm-gnu-toolchain/bin/../lib/gcc/arm-none-eabi/6.3.1/../../../../arm-none-eabi/lib/thumb/v6-m\libc.a(lib_a-reent.o)
 .debug_frame   0x00000d88       0x3c d:/program files (x86)/atmel studio/7.0/toolchain/arm/arm-gnu-toolchain/bin/../lib/gcc/arm-none-eabi/6.3.1/../../../../arm-none-eabi/lib/thumb/v6-m\libc.a(lib_a-__atexit.o)
